// Jest Snapshot v1, https://goo.gl/fbAQLP

exports[`<Button /> Render with redux 1`] = `
.c0 {
  background-color: #2C97D1;
  display: -webkit-inline-box;
  display: -webkit-inline-flex;
  display: -ms-inline-flexbox;
  display: inline-flex;
  -webkit-align-items: center;
  -webkit-box-align: center;
  -ms-flex-align: center;
  align-items: center;
  -webkit-box-pack: center;
  -webkit-justify-content: center;
  -ms-flex-pack: center;
  justify-content: center;
  height: 56px;
  font-size: 18px;
  line-height: 1.218;
  font-weight: 700;
  padding: 0 37px;
  border-radius: 10px;
  color: #FFF;
  cursor: pointer;
  pointer-events: auto;
  -webkit-transition: all .2s ease-out;
  transition: all .2s ease-out;
}

.c0:hover {
  opacity: 0.8;
}

.c0 svg {
  display: none;
  width: 20px;
  height: 20px;
  margin: 0;
  margin-left: 10px;
  vertical-align: middle;
}

<button
  class="c0"
  data-testid="button"
  loading="0"
  type="button"
>
  <span>
    Button Text 
  </span>
  <svg
    preserveAspectRatio="xMidYMid"
    viewBox="0 0 100 100"
    xmlns="http://www.w3.org/2000/svg"
    xmlns:xlink="http://www.w3.org/1999/xlink"
  >
    <circle
      cx="50"
      cy="50"
      fill="none"
      r="35"
      stroke="#ffffff"
      stroke-dasharray="164.93361431346415 56.97787143782138"
      stroke-width="10"
    >
      <animatetransform
        attributeName="transform"
        dur="1s"
        keyTimes="0;1"
        repeatCount="indefinite"
        type="rotate"
        values="0 50 50;360 50 50"
      />
    </circle>
  </svg>
</button>
`;
