// Jest Snapshot v1, https://goo.gl/fbAQLP

exports[`<App /> Render with redux 1`] = `
.c1 {
  background-color: #2C97D1;
  display: -webkit-inline-box;
  display: -webkit-inline-flex;
  display: -ms-inline-flexbox;
  display: inline-flex;
  -webkit-align-items: center;
  -webkit-box-align: center;
  -ms-flex-align: center;
  align-items: center;
  -webkit-box-pack: center;
  -webkit-justify-content: center;
  -ms-flex-pack: center;
  justify-content: center;
  height: 56px;
  font-size: 18px;
  line-height: 1.218;
  font-weight: 700;
  padding: 0 37px;
  border-radius: 10px;
  color: #FFF;
  cursor: pointer;
  pointer-events: auto;
}

.c1 svg {
  display: none;
  width: 20px;
  height: 20px;
  margin: 0;
  margin-left: 10px;
  vertical-align: middle;
}

.c0 {
  margin-top: 210px;
  text-align: center;
  color: #2C97D1;
}

.c0 h1 {
  font-size: 72px;
  line-height: 1.2;
  margin-bottom: 7px;
  font-weight: 400;
}

.c0 h1 strong {
  font-weight: 700;
}

.c0 h2 {
  font-size: 14px;
  line-height: 1.218;
  font-weight: 400;
  -webkit-letter-spacing: calc(14px * 0.35);
  -moz-letter-spacing: calc(14px * 0.35);
  -ms-letter-spacing: calc(14px * 0.35);
  letter-spacing: calc(14px * 0.35);
  text-transform: uppercase;
  margin-bottom: 162px;
}

<div>
   
  <div
    class="App"
  >
    <section
      class="c0"
      data-testid="welcome"
    >
      <h1>
        Welcome to 
        <strong>
          iClinic
        </strong>
      </h1>
      <h2>
        Frontend Challenge
      </h2>
      <button
        class="c1"
        data-testid="button"
        loading="0"
        type="button"
      >
        <span>
          S T A R T
        </span>
        <svg
          preserveAspectRatio="xMidYMid"
          viewBox="0 0 100 100"
          xmlns="http://www.w3.org/2000/svg"
          xmlns:xlink="http://www.w3.org/1999/xlink"
        >
          <circle
            cx="50"
            cy="50"
            fill="none"
            r="35"
            stroke="#ffffff"
            stroke-dasharray="164.93361431346415 56.97787143782138"
            stroke-width="10"
          >
            <animatetransform
              attributeName="transform"
              dur="1s"
              keyTimes="0;1"
              repeatCount="indefinite"
              type="rotate"
              values="0 50 50;360 50 50"
            />
          </circle>
        </svg>
      </button>
    </section>
  </div>
   
</div>
`;
